2024-10-23 22:02:26,935 - masks - INFO: Маскирует карту клиента.
2024-10-23 22:02:26,935 - masks - INFO: Маскирует счет клиента.
2024-10-23 22:05:50,986 - masks - INFO: Ошибка. Неправильный ввод карты.
2024-10-23 22:05:50,986 - masks - INFO: Ошибка. Неправильный ввод счета.
2024-10-23 22:38:09,774 - masks - ERROR: Ошибка. Неправильный ввод карты.
2024-10-23 22:38:09,774 - masks - INFO: Ошибка. Неправильный ввод счета.
2024-10-23 22:39:00,493 - masks - ERROR: Ошибка. Неправильный ввод карты.
2024-10-23 22:39:00,494 - masks - ERROR: Ошибка. Неправильный ввод счета.
2024-10-23 22:39:52,819 - masks - INFO: Маскирует карту клиента.
2024-10-23 22:39:52,819 - masks - ERROR: Маскирует счет клиента.
2024-10-23 22:40:42,488 - masks - INFO: Маскирует карту клиента.
2024-10-23 22:40:42,488 - masks - INFO: Маскирует счет клиента.
2024-10-23 22:41:05,756 - masks - ERROR: Ошибка. Неправильный ввод карты.
2024-10-23 22:41:05,756 - masks - ERROR: Ошибка. Неправильный ввод счета.
2024-10-23 23:00:13,838 - masks - ERROR: Ошибка. Неправильный ввод карты.
2024-10-23 23:00:13,838 - masks - ERROR: Ошибка. Неправильный ввод счета.
2024-10-26 21:46:05,661 - masks - INFO: Маскирует карту клиента.
2024-10-26 21:46:05,670 - masks - INFO: Маскирует карту клиента.
2024-10-26 21:46:05,671 - masks - ERROR: Ошибка. Неправильный ввод карты.
2024-10-26 21:46:05,672 - masks - ERROR: Ошибка. Неправильный ввод карты.
2024-10-26 21:46:05,673 - masks - ERROR: Ошибка. Неправильный ввод карты.
2024-10-26 21:46:05,674 - masks - ERROR: Ошибка. Неправильный ввод карты.
2024-10-26 21:46:29,578 - masks - INFO: Маскирует счет клиента.
2024-10-26 21:46:29,579 - masks - INFO: Маскирует счет клиента.
2024-10-26 21:46:29,581 - masks - ERROR: Ошибка. Неправильный ввод счета.
2024-10-26 21:46:29,582 - masks - ERROR: Ошибка. Неправильный ввод счета.
2024-10-26 21:46:29,583 - masks - ERROR: Ошибка. Неправильный ввод счета.
2024-10-26 21:48:59,055 - masks - INFO: Маскирует карту клиента.
2024-10-26 21:48:59,056 - masks - INFO: Маскирует счет клиента.
2024-10-26 21:48:59,057 - masks - INFO: Маскирует карту клиента.
2024-10-26 21:48:59,058 - masks - INFO: Маскирует счет клиента.
2024-10-26 21:48:59,061 - masks - INFO: Маскирует карту клиента.
2024-10-26 21:48:59,062 - masks - INFO: Маскирует счет клиента.
2024-10-26 21:48:59,065 - masks - ERROR: Ошибка. Неправильный ввод карты.
2024-10-26 21:48:59,067 - masks - ERROR: Ошибка. Неправильный ввод счета.
