2024-10-23 22:18:15,195 - utils - INFO: Получение данных из файла.
2024-10-23 22:18:48,416 - utils - INFO: Ошибка! Файл не найден.
2024-10-23 22:21:13,068 - utils - INFO: Ошибка! Файл не найден.
2024-10-23 22:26:00,036 - utils - INFO: Получение данных из файла.
2024-10-23 22:26:00,036 - utils - INFO: Ошибка декорирования JSON-файла.
2024-10-23 22:36:19,519 - utils - ERROR: Ошибка! Файл не найден.
2024-10-23 22:36:54,992 - utils - INFO: Получение данных из файла.
2024-10-23 22:36:54,992 - utils - ERROR: Ошибка декорирования JSON-файла.
2024-10-28 22:20:41,011 - utils - INFO: Получение данных из файла.
2024-10-28 22:23:41,260 - utils - INFO: Получение данных из файла.
2024-10-28 22:24:38,594 - utils - INFO: Получение данных из файла.
2024-10-28 22:25:50,410 - utils - INFO: Получение данных из файла.
2024-10-28 22:26:58,840 - utils - INFO: Получение данных из файла.
2024-10-28 22:27:14,815 - utils - INFO: Получение данных из файла.
2024-10-28 22:27:28,275 - utils - INFO: Получение данных из файла.
2024-10-28 22:27:47,869 - utils - INFO: Получение данных из файла.
2024-10-28 22:28:05,473 - utils - INFO: Получение данных из файла.
2024-10-28 22:32:39,655 - utils - INFO: Получение данных из файла.
2024-10-28 22:33:03,315 - utils - INFO: Получение данных из файла.
2024-10-28 22:34:21,926 - utils - INFO: Получение данных из файла.
2024-10-30 22:01:14,311 - utils - INFO: Получение данных из файла.
2024-10-31 20:18:57,926 - utils - ERROR: Ошибка! Файл не найден.
2024-10-31 20:23:29,185 - utils - ERROR: Ошибка! Файл не найден.
2024-10-31 20:31:21,662 - utils - ERROR: Ошибка! Файл не найден.
2024-10-31 20:40:05,813 - utils - INFO: Получение данных из файла.
2024-10-31 20:43:33,667 - utils - INFO: Получение данных из файла.
2024-10-31 20:45:54,008 - utils - INFO: Получение данных из файла.
2024-10-31 20:50:55,804 - utils - INFO: Получение данных из файла.
2024-10-31 20:53:40,244 - utils - INFO: Получение данных из файла.
2024-10-31 20:55:32,798 - utils - INFO: Получение данных из файла.
2024-11-02 18:24:28,514 - utils - INFO: Получение данных из файла.
2024-11-02 18:30:30,025 - utils - INFO: Получение данных из файла.
2024-11-02 18:32:25,260 - utils - INFO: Получение данных из файла.
2024-11-02 18:35:29,343 - utils - INFO: Получение данных из файла.
2024-11-02 18:41:21,546 - utils - INFO: Получение данных из файла.
2024-11-02 18:43:43,751 - utils - INFO: Получение данных из файла.
2024-11-02 20:27:59,729 - utils - INFO: Получение данных из файла.
2024-11-02 20:30:42,144 - utils - INFO: Получение данных из файла.
2024-11-02 20:59:11,169 - utils - INFO: Получение данных из файла.
2024-11-02 21:10:45,992 - utils - INFO: Получение данных из файла.
2024-11-02 21:14:21,287 - utils - INFO: Получение данных из файла.
2024-11-02 21:16:52,297 - utils - INFO: Получение данных из файла.
2024-11-02 21:26:54,594 - utils - INFO: Получение данных из файла.
2024-11-02 21:48:09,765 - utils - INFO: Получение данных из файла.
2024-11-02 21:54:06,637 - utils - INFO: Получение данных из файла.
2024-11-02 21:56:57,641 - utils - INFO: Получение данных из файла.
2024-11-02 21:58:21,086 - utils - INFO: Получение данных из файла.
2024-11-02 22:02:14,521 - utils - INFO: Получение данных из файла.
2024-11-02 22:06:25,610 - utils - INFO: Получение данных из файла.
2024-11-02 23:00:26,259 - utils - INFO: Получение данных из файла.
2024-11-03 01:49:05,557 - utils - INFO: Получение данных из файла.
2024-11-03 02:34:05,031 - utils - INFO: Получение данных из файла.
2024-11-03 10:03:07,714 - utils - INFO: Получение данных из файла.
2024-11-03 14:34:17,471 - utils - INFO: Получение данных из файла.
2024-11-03 14:34:17,472 - utils - ERROR: Ошибка! Файл не найден.
2024-11-03 14:34:17,474 - utils - INFO: Получение данных из файла.
2024-11-03 14:34:17,474 - utils - ERROR: Ошибка декорирования JSON-файла.
2024-11-03 14:51:30,768 - utils - INFO: Получение данных из файла.
2024-11-03 14:51:30,769 - utils - ERROR: Ошибка! Файл не найден.
2024-11-03 14:51:30,771 - utils - INFO: Получение данных из файла.
2024-11-03 14:51:30,771 - utils - ERROR: Ошибка декорирования JSON-файла.
2024-11-03 20:24:23,745 - utils - INFO: Получение данных из файла.
2024-11-03 20:25:30,862 - utils - INFO: Получение данных из файла.
2024-11-03 20:31:11,216 - utils - INFO: Получение данных из файла.
2024-11-03 21:48:18,296 - utils - INFO: Получение данных из файла.
2024-11-03 21:48:18,296 - utils - ERROR: Ошибка! Файл не найден.
2024-11-03 21:48:18,296 - utils - INFO: Получение данных из файла.
2024-11-03 21:48:18,296 - utils - ERROR: Ошибка декорирования JSON-файла.
2024-11-03 21:48:57,561 - utils - INFO: Получение данных из файла.
2024-11-03 21:48:57,561 - utils - ERROR: Ошибка! Файл не найден.
2024-11-03 21:48:57,577 - utils - INFO: Получение данных из файла.
2024-11-03 21:48:57,577 - utils - ERROR: Ошибка декорирования JSON-файла.
2024-11-03 21:49:33,378 - utils - INFO: Получение данных из файла.
2024-11-03 21:49:33,378 - utils - ERROR: Ошибка! Файл не найден.
2024-11-03 21:49:33,378 - utils - INFO: Получение данных из файла.
2024-11-03 21:49:33,378 - utils - ERROR: Ошибка декорирования JSON-файла.
2024-11-03 21:54:17,860 - utils - INFO: Получение данных из файла.
2024-11-03 21:54:17,860 - utils - ERROR: Ошибка! Файл не найден.
2024-11-03 21:54:17,860 - utils - INFO: Получение данных из файла.
2024-11-03 21:54:17,860 - utils - ERROR: Ошибка декорирования JSON-файла.
2024-11-03 21:56:14,329 - utils - INFO: Получение данных из файла.
2024-11-03 21:56:14,329 - utils - ERROR: Ошибка! Файл не найден.
2024-11-03 21:56:14,329 - utils - INFO: Получение данных из файла.
2024-11-03 21:56:14,329 - utils - ERROR: Ошибка декорирования JSON-файла.
2024-11-03 22:03:30,937 - utils - INFO: Получение данных из файла.
2024-11-03 22:03:30,937 - utils - ERROR: Ошибка! Файл не найден.
2024-11-03 22:03:30,937 - utils - INFO: Получение данных из файла.
2024-11-03 22:03:30,937 - utils - ERROR: Ошибка декорирования JSON-файла.
2024-11-03 22:09:57,373 - utils - INFO: Получение данных из файла.
2024-11-03 22:09:57,373 - utils - ERROR: Ошибка! Файл не найден.
2024-11-03 22:09:57,373 - utils - INFO: Получение данных из файла.
2024-11-03 22:09:57,373 - utils - ERROR: Ошибка декорирования JSON-файла.
2024-11-03 22:12:33,769 - utils - INFO: Получение данных из файла.
2024-11-03 22:12:33,785 - utils - ERROR: Ошибка! Файл не найден.
2024-11-03 22:12:33,785 - utils - INFO: Получение данных из файла.
2024-11-03 22:12:33,785 - utils - ERROR: Ошибка декорирования JSON-файла.
2024-11-03 22:26:23,419 - utils - INFO: Получение данных из файла.
2024-11-03 22:26:23,419 - utils - ERROR: Ошибка! Файл не найден.
2024-11-03 22:26:23,435 - utils - INFO: Получение данных из файла.
2024-11-03 22:26:23,435 - utils - ERROR: Ошибка декорирования JSON-файла.
2024-11-03 22:41:26,716 - utils - INFO: Получение данных из файла.
2024-11-03 22:48:43,070 - utils - INFO: Получение данных из файла.
2024-11-03 22:48:43,070 - utils - ERROR: Ошибка! Файл не найден.
2024-11-03 22:48:43,070 - utils - INFO: Получение данных из файла.
2024-11-03 22:48:43,070 - utils - ERROR: Ошибка декорирования JSON-файла.
2024-11-03 23:03:46,114 - utils - INFO: Получение данных из файла.
2024-11-03 23:03:46,114 - utils - ERROR: Ошибка! Файл не найден.
2024-11-03 23:03:46,130 - utils - INFO: Получение данных из файла.
2024-11-03 23:03:46,130 - utils - ERROR: Ошибка декорирования JSON-файла.
2024-11-03 23:12:27,859 - utils - INFO: Получение данных из файла.
2024-11-03 23:12:27,859 - utils - ERROR: Ошибка! Файл не найден.
2024-11-03 23:12:27,859 - utils - INFO: Получение данных из файла.
2024-11-03 23:12:27,859 - utils - ERROR: Ошибка декорирования JSON-файла.
2024-11-03 23:15:18,421 - utils - INFO: Получение данных из файла.
2024-11-03 23:15:18,421 - utils - ERROR: Ошибка! Файл не найден.
2024-11-03 23:15:18,437 - utils - INFO: Получение данных из файла.
2024-11-03 23:15:18,437 - utils - ERROR: Ошибка декорирования JSON-файла.
2024-11-03 23:26:18,098 - utils - INFO: Получение данных из файла.
2024-11-03 23:26:18,098 - utils - ERROR: Ошибка! Файл не найден.
2024-11-03 23:26:18,098 - utils - INFO: Получение данных из файла.
2024-11-03 23:26:18,098 - utils - ERROR: Ошибка декорирования JSON-файла.
2024-11-03 23:33:28,123 - utils - INFO: Получение данных из файла.
2024-11-03 23:33:28,123 - utils - ERROR: Ошибка! Файл не найден.
2024-11-03 23:33:28,139 - utils - INFO: Получение данных из файла.
2024-11-03 23:33:28,139 - utils - ERROR: Ошибка декорирования JSON-файла.
2024-11-03 23:39:50,439 - utils - INFO: Получение данных из файла.
2024-11-03 23:39:50,439 - utils - ERROR: Ошибка! Файл не найден.
2024-11-03 23:39:50,439 - utils - INFO: Получение данных из файла.
2024-11-03 23:39:50,439 - utils - ERROR: Ошибка декорирования JSON-файла.
2024-11-03 23:43:37,170 - utils - INFO: Получение данных из файла.
2024-11-03 23:43:37,170 - utils - ERROR: Ошибка! Файл не найден.
2024-11-03 23:43:37,185 - utils - INFO: Получение данных из файла.
2024-11-03 23:43:37,185 - utils - ERROR: Ошибка декорирования JSON-файла.
2024-11-03 23:47:19,923 - utils - INFO: Получение данных из файла.
2024-11-03 23:47:19,923 - utils - ERROR: Ошибка! Файл не найден.
2024-11-03 23:47:19,923 - utils - INFO: Получение данных из файла.
2024-11-03 23:47:19,939 - utils - ERROR: Ошибка декорирования JSON-файла.
2024-11-04 00:02:35,378 - utils - INFO: Получение данных из файла.
2024-11-04 00:02:35,378 - utils - ERROR: Ошибка! Файл не найден.
2024-11-04 00:02:35,378 - utils - INFO: Получение данных из файла.
2024-11-04 00:02:35,378 - utils - ERROR: Ошибка декорирования JSON-файла.
2024-11-04 00:14:00,941 - utils - INFO: Получение данных из файла.
2024-11-04 00:14:00,941 - utils - ERROR: Ошибка! Файл не найден.
2024-11-04 00:14:00,941 - utils - INFO: Получение данных из файла.
2024-11-04 00:14:00,941 - utils - ERROR: Ошибка декорирования JSON-файла.
2024-11-04 22:34:24,662 - utils - INFO: Получение данных из файла.
2024-11-04 22:34:24,662 - utils - ERROR: Ошибка! Файл не найден.
2024-11-04 22:34:24,662 - utils - INFO: Получение данных из файла.
2024-11-04 22:34:24,662 - utils - ERROR: Ошибка декорирования JSON-файла.
2024-11-04 22:38:46,728 - utils - INFO: Получение данных из файла.
2024-11-04 22:38:46,728 - utils - ERROR: Ошибка! Файл не найден.
2024-11-04 22:38:46,744 - utils - INFO: Получение данных из файла.
2024-11-04 22:38:46,744 - utils - ERROR: Ошибка декорирования JSON-файла.
2024-11-04 22:39:43,714 - utils - INFO: Получение данных из файла.
2024-11-04 22:39:43,729 - utils - ERROR: Ошибка! Файл не найден.
2024-11-04 22:39:43,729 - utils - INFO: Получение данных из файла.
2024-11-04 22:39:43,729 - utils - ERROR: Ошибка декорирования JSON-файла.
2024-11-04 22:41:02,939 - utils - INFO: Получение данных из файла.
2024-11-04 22:41:02,939 - utils - ERROR: Ошибка! Файл не найден.
2024-11-04 22:41:02,939 - utils - INFO: Получение данных из файла.
2024-11-04 22:41:02,939 - utils - ERROR: Ошибка декорирования JSON-файла.
